// Vitest Snapshot v1

exports[`codegen > comprehension 1`] = `
"import { toDisplayString as _toDisplayString,openBlock as _openBlock,createElementBlock as _createElementBlock } from \\"vue\\"
export function render(_ctx,  _cache, $props, $setup, $data, $options){
	return (_openBlock, _createElementBlock(\\"div\\"), null, \\"hi,\\" + _toDisplayString(message))
}"
`;

exports[`codegen > element 1`] = `
"import { openBlock as _openBlock,createElementBlock as _createElementBlock } from \\"vue\\"
export function render(_ctx,  _cache, $props, $setup, $data, $options){
	return (_openBlock, _createElementBlock(\\"div\\"), null, )
}"
`;

exports[`codegen > interpolation 1`] = `
"import { toDisplayString as _toDisplayString } from \\"vue\\"
export function render(_ctx,  _cache, $props, $setup, $data, $options){
	return _toDisplayString(_ctx.message)
}"
`;

exports[`codegen > string 1`] = `
"
export function render(_ctx,  _cache, $props, $setup, $data, $options){
	return \\"hi\\"
}"
`;
